{"level":"info","message":"Identity Service running on port 3001","service":"identity-service","timestamp":"2025-11-18T15:18:54.908Z"}
{"level":"info","message":"Identity Service running on port 3001","service":"identity-service","timestamp":"2025-11-18T15:18:55.233Z"}
{"level":"info","message":"Connected to MongoDB","service":"identity-service","timestamp":"2025-11-18T15:18:56.130Z"}
{"level":"info","message":"Identity Service running on port 3001","service":"identity-service","timestamp":"2025-11-18T15:19:03.011Z"}
{"level":"info","message":"Connected to MongoDB","service":"identity-service","timestamp":"2025-11-18T15:19:03.764Z"}
{"level":"error","message":"Unhandled Rejection at: Promise {\n  <rejected> MaxRetriesPerRequestError: Reached the max retries per request limit (which is 20). Refer to \"maxRetriesPerRequest\" option for details.\n      at Socket.<anonymous> (/Users/z0diac/Desktop/social-media-microservices/identity-service/node_modules/ioredis/built/redis/event_handler.js:207:37)\n      at Object.onceWrapper (node:events:623:26)\n      at Socket.emit (node:events:508:28)\n      at TCP.<anonymous> (node:net:346:12)\n}, reason: MaxRetriesPerRequestError: Reached the max retries per request limit (which is 20). Refer to \"maxRetriesPerRequest\" option for details.\n    at Socket.<anonymous> (/Users/z0diac/Desktop/social-media-microservices/identity-service/node_modules/ioredis/built/redis/event_handler.js:207:37)\n    at Object.onceWrapper (node:events:623:26)\n    at Socket.emit (node:events:508:28)\n    at TCP.<anonymous> (node:net:346:12)","service":"identity-service","timestamp":"2025-11-18T15:19:05.779Z"}
{"level":"error","message":"Unhandled Rejection at: Promise {\n  <rejected> MaxRetriesPerRequestError: Reached the max retries per request limit (which is 20). Refer to \"maxRetriesPerRequest\" option for details.\n      at Socket.<anonymous> (/Users/z0diac/Desktop/social-media-microservices/identity-service/node_modules/ioredis/built/redis/event_handler.js:207:37)\n      at Object.onceWrapper (node:events:623:26)\n      at Socket.emit (node:events:508:28)\n      at TCP.<anonymous> (node:net:346:12)\n}, reason: MaxRetriesPerRequestError: Reached the max retries per request limit (which is 20). Refer to \"maxRetriesPerRequest\" option for details.\n    at Socket.<anonymous> (/Users/z0diac/Desktop/social-media-microservices/identity-service/node_modules/ioredis/built/redis/event_handler.js:207:37)\n    at Object.onceWrapper (node:events:623:26)\n    at Socket.emit (node:events:508:28)\n    at TCP.<anonymous> (node:net:346:12)","service":"identity-service","timestamp":"2025-11-18T15:19:05.782Z"}
{"level":"error","message":"Unhandled Rejection at: Promise {\n  <rejected> MaxRetriesPerRequestError: Reached the max retries per request limit (which is 20). Refer to \"maxRetriesPerRequest\" option for details.\n      at Socket.<anonymous> (/Users/z0diac/Desktop/social-media-microservices/identity-service/node_modules/ioredis/built/redis/event_handler.js:207:37)\n      at Object.onceWrapper (node:events:623:26)\n      at Socket.emit (node:events:508:28)\n      at TCP.<anonymous> (node:net:346:12)\n}, reason: MaxRetriesPerRequestError: Reached the max retries per request limit (which is 20). Refer to \"maxRetriesPerRequest\" option for details.\n    at Socket.<anonymous> (/Users/z0diac/Desktop/social-media-microservices/identity-service/node_modules/ioredis/built/redis/event_handler.js:207:37)\n    at Object.onceWrapper (node:events:623:26)\n    at Socket.emit (node:events:508:28)\n    at TCP.<anonymous> (node:net:346:12)","service":"identity-service","timestamp":"2025-11-18T15:19:13.560Z"}
{"level":"error","message":"Unhandled Rejection at: Promise {\n  <rejected> MaxRetriesPerRequestError: Reached the max retries per request limit (which is 20). Refer to \"maxRetriesPerRequest\" option for details.\n      at Socket.<anonymous> (/Users/z0diac/Desktop/social-media-microservices/identity-service/node_modules/ioredis/built/redis/event_handler.js:207:37)\n      at Object.onceWrapper (node:events:623:26)\n      at Socket.emit (node:events:508:28)\n      at TCP.<anonymous> (node:net:346:12)\n}, reason: MaxRetriesPerRequestError: Reached the max retries per request limit (which is 20). Refer to \"maxRetriesPerRequest\" option for details.\n    at Socket.<anonymous> (/Users/z0diac/Desktop/social-media-microservices/identity-service/node_modules/ioredis/built/redis/event_handler.js:207:37)\n    at Object.onceWrapper (node:events:623:26)\n    at Socket.emit (node:events:508:28)\n    at TCP.<anonymous> (node:net:346:12)","service":"identity-service","timestamp":"2025-11-18T15:19:13.562Z"}
{"level":"info","message":"Identity Service running on port 3001","service":"identity-service","timestamp":"2025-11-18T15:29:01.225Z"}
{"level":"info","message":"Connected to MongoDB","service":"identity-service","timestamp":"2025-11-18T15:29:02.193Z"}
{"level":"info","message":"Identity Service running on port 3001","service":"identity-service","timestamp":"2025-11-18T15:32:45.935Z"}
{"level":"info","message":"Connected to MongoDB","service":"identity-service","timestamp":"2025-11-18T15:32:46.964Z"}
{"level":"info","message":"Identity Service running on port 3001","service":"identity-service","timestamp":"2025-11-18T18:16:13.647Z"}
{"level":"info","message":"Connected to MongoDB","service":"identity-service","timestamp":"2025-11-18T18:16:14.202Z"}
{"level":"info","message":"Recieved POST request for /api/auth/register","service":"identity-service","timestamp":"2025-11-18T18:19:49.190Z"}
{"level":"info","message":"request body is [object Object]","service":"identity-service","timestamp":"2025-11-18T18:19:49.190Z"}
{"level":"info","message":"Hit registerUser endpoint","service":"identity-service","timestamp":"2025-11-18T18:19:49.193Z"}
{"level":"warn","message":"Validation failed during user registration: \"password\" length must be at least 8 characters long","service":"identity-service","timestamp":"2025-11-18T18:19:49.196Z"}
{"level":"info","message":"Recieved POST request for /api/auth/register","service":"identity-service","timestamp":"2025-11-18T18:20:03.135Z"}
{"level":"info","message":"request body is [object Object]","service":"identity-service","timestamp":"2025-11-18T18:20:03.136Z"}
{"level":"info","message":"Hit registerUser endpoint","service":"identity-service","timestamp":"2025-11-18T18:20:03.137Z"}
{"level":"warn","message":"New user registered: 691cb8d31ef84125557c1de6","service":"identity-service","timestamp":"2025-11-18T18:20:03.280Z"}
{"level":"info","message":"Identity Service running on port 3001","service":"identity-service","timestamp":"2025-11-20T21:08:18.242Z"}
{"level":"error","message":"Failed to connect to MongoDB: Invalid scheme, expected connection string to start with \"mongodb://\" or \"mongodb+srv://\"","service":"identity-service","timestamp":"2025-11-20T21:08:18.243Z"}
{"level":"info","message":"Identity Service running on port 3001","service":"identity-service","timestamp":"2025-11-20T21:09:10.219Z"}
{"level":"info","message":"Connected to MongoDB","service":"identity-service","timestamp":"2025-11-20T21:09:11.761Z"}
{"level":"info","message":"Identity Service running on port 3001","service":"identity-service","timestamp":"2025-11-25T01:16:59.017Z"}
{"level":"info","message":"Connected to MongoDB","service":"identity-service","timestamp":"2025-11-25T01:16:59.402Z"}
{"level":"info","message":"Recieved POST request for /api/auth/register","service":"identity-service","timestamp":"2025-11-25T01:17:06.904Z"}
{"level":"info","message":"request body is [object Object]","service":"identity-service","timestamp":"2025-11-25T01:17:06.904Z"}
{"level":"info","message":"Hit registerUser endpoint","service":"identity-service","timestamp":"2025-11-25T01:17:06.908Z"}
{"level":"warn","message":"Validation failed during user registration: \"password\" length must be at least 8 characters long","service":"identity-service","timestamp":"2025-11-25T01:17:06.912Z"}
{"level":"info","message":"Recieved POST request for /api/auth/register","service":"identity-service","timestamp":"2025-11-25T01:17:15.883Z"}
{"level":"info","message":"request body is [object Object]","service":"identity-service","timestamp":"2025-11-25T01:17:15.883Z"}
{"level":"info","message":"Hit registerUser endpoint","service":"identity-service","timestamp":"2025-11-25T01:17:15.885Z"}
{"level":"warn","message":"New user registered: 6925039bf12d29a7b2a5fcf6","service":"identity-service","timestamp":"2025-11-25T01:17:16.024Z"}
{"level":"info","message":"Identity Service running on port 3001","service":"identity-service","timestamp":"2025-12-06T15:32:42.324Z"}
{"level":"info","message":"Connected to MongoDB","service":"identity-service","timestamp":"2025-12-06T15:32:42.925Z"}
{"level":"info","message":"Recieved POST request for /api/auth/register","service":"identity-service","timestamp":"2025-12-06T15:35:30.710Z"}
{"level":"info","message":"request body is [object Object]","service":"identity-service","timestamp":"2025-12-06T15:35:30.710Z"}
{"level":"info","message":"Hit registerUser endpoint","service":"identity-service","timestamp":"2025-12-06T15:35:30.714Z"}
{"level":"warn","message":"New user registered: 69344d424ba0981b3f6df424","service":"identity-service","timestamp":"2025-12-06T15:35:30.852Z"}
{"level":"info","message":"Recieved POST request for /api/auth/login","service":"identity-service","timestamp":"2025-12-06T15:36:49.179Z"}
{"level":"info","message":"request body is [object Object]","service":"identity-service","timestamp":"2025-12-06T15:36:49.180Z"}
{"level":"info","message":"Hit loginUser endpoint","service":"identity-service","timestamp":"2025-12-06T15:36:49.181Z"}
{"level":"info","message":"Recieved POST request for /api/auth/login","service":"identity-service","timestamp":"2025-12-06T16:04:32.740Z"}
{"level":"info","message":"request body is [object Object]","service":"identity-service","timestamp":"2025-12-06T16:04:32.740Z"}
{"level":"info","message":"Hit loginUser endpoint","service":"identity-service","timestamp":"2025-12-06T16:04:32.741Z"}
{"level":"info","message":"Recieved POST request for /api/auth/register","service":"identity-service","timestamp":"2025-12-06T16:05:10.516Z"}
{"level":"info","message":"request body is [object Object]","service":"identity-service","timestamp":"2025-12-06T16:05:10.516Z"}
{"level":"info","message":"Hit registerUser endpoint","service":"identity-service","timestamp":"2025-12-06T16:05:10.517Z"}
{"level":"warn","message":"Registration attempt with existing email or username: aarohb.1507@gmail.com, aaroh","service":"identity-service","timestamp":"2025-12-06T16:05:10.548Z"}
{"level":"info","message":"Recieved POST request for /api/auth/register","service":"identity-service","timestamp":"2025-12-06T16:05:19.058Z"}
{"level":"info","message":"request body is [object Object]","service":"identity-service","timestamp":"2025-12-06T16:05:19.058Z"}
{"level":"info","message":"Hit registerUser endpoint","service":"identity-service","timestamp":"2025-12-06T16:05:19.060Z"}
{"level":"warn","message":"Registration attempt with existing email or username: aarohb.1507@gmail.com, aarohb","service":"identity-service","timestamp":"2025-12-06T16:05:19.293Z"}
{"level":"info","message":"Recieved POST request for /api/auth/register","service":"identity-service","timestamp":"2025-12-06T16:05:37.929Z"}
{"level":"info","message":"request body is [object Object]","service":"identity-service","timestamp":"2025-12-06T16:05:37.929Z"}
{"level":"info","message":"Hit registerUser endpoint","service":"identity-service","timestamp":"2025-12-06T16:05:37.933Z"}
{"level":"warn","message":"New user registered: 693454514ba0981b3f6df431","service":"identity-service","timestamp":"2025-12-06T16:05:38.049Z"}
{"level":"info","message":"Recieved POST request for /api/auth/login","service":"identity-service","timestamp":"2025-12-06T16:06:00.412Z"}
{"level":"info","message":"request body is [object Object]","service":"identity-service","timestamp":"2025-12-06T16:06:00.412Z"}
{"level":"info","message":"Hit loginUser endpoint","service":"identity-service","timestamp":"2025-12-06T16:06:00.413Z"}
{"level":"warn","message":"Login attempt with unregistered email: aaroh.1497@gmail.com","service":"identity-service","timestamp":"2025-12-06T16:06:00.441Z"}
{"level":"info","message":"Recieved POST request for /api/auth/login","service":"identity-service","timestamp":"2025-12-06T16:06:05.664Z"}
{"level":"info","message":"request body is [object Object]","service":"identity-service","timestamp":"2025-12-06T16:06:05.664Z"}
{"level":"info","message":"Hit loginUser endpoint","service":"identity-service","timestamp":"2025-12-06T16:06:05.665Z"}
{"level":"info","message":"Recieved POST request for /api/auth/login","service":"identity-service","timestamp":"2025-12-06T19:07:50.236Z"}
{"level":"info","message":"request body is [object Object]","service":"identity-service","timestamp":"2025-12-06T19:07:50.237Z"}
{"level":"info","message":"Hit loginUser endpoint","service":"identity-service","timestamp":"2025-12-06T19:07:50.238Z"}
{"level":"info","message":"Recieved POST request for /api/auth/login","service":"identity-service","timestamp":"2025-12-06T19:49:03.803Z"}
{"level":"info","message":"request body is [object Object]","service":"identity-service","timestamp":"2025-12-06T19:49:03.804Z"}
{"level":"info","message":"Hit loginUser endpoint","service":"identity-service","timestamp":"2025-12-06T19:49:03.806Z"}
{"level":"info","message":"Recieved POST request for /api/auth/login","service":"identity-service","timestamp":"2025-12-06T20:03:21.198Z"}
{"level":"info","message":"request body is [object Object]","service":"identity-service","timestamp":"2025-12-06T20:03:21.198Z"}
{"level":"info","message":"Hit loginUser endpoint","service":"identity-service","timestamp":"2025-12-06T20:03:21.198Z"}
{"level":"info","message":"Identity Service running on port 3001","service":"identity-service","timestamp":"2025-12-07T11:19:24.574Z"}
{"level":"info","message":"Connected to MongoDB","service":"identity-service","timestamp":"2025-12-07T11:19:24.922Z"}
{"level":"info","message":"Recieved POST request for /api/auth/login","service":"identity-service","timestamp":"2025-12-07T11:19:57.053Z"}
{"level":"info","message":"request body is [object Object]","service":"identity-service","timestamp":"2025-12-07T11:19:57.053Z"}
{"level":"info","message":"Hit loginUser endpoint","service":"identity-service","timestamp":"2025-12-07T11:19:57.055Z"}
{"level":"info","message":"Recieved POST request for /api/auth/login","service":"identity-service","timestamp":"2025-12-07T11:21:34.241Z"}
{"level":"info","message":"request body is [object Object]","service":"identity-service","timestamp":"2025-12-07T11:21:34.241Z"}
{"level":"info","message":"Hit loginUser endpoint","service":"identity-service","timestamp":"2025-12-07T11:21:34.242Z"}
{"level":"info","message":"Recieved POST request for /api/auth/login","service":"identity-service","timestamp":"2025-12-07T11:35:19.070Z"}
{"level":"info","message":"request body is [object Object]","service":"identity-service","timestamp":"2025-12-07T11:35:19.070Z"}
{"level":"info","message":"Hit loginUser endpoint","service":"identity-service","timestamp":"2025-12-07T11:35:19.072Z"}
{"level":"info","message":"Identity Service running on port 3001","service":"identity-service","timestamp":"2025-12-07T11:35:42.234Z"}
{"level":"info","message":"Connected to MongoDB","service":"identity-service","timestamp":"2025-12-07T11:35:42.578Z"}
{"level":"info","message":"Recieved POST request for /api/auth/login","service":"identity-service","timestamp":"2025-12-07T11:35:57.948Z"}
{"level":"info","message":"request body is [object Object]","service":"identity-service","timestamp":"2025-12-07T11:35:57.948Z"}
{"level":"info","message":"Hit loginUser endpoint","service":"identity-service","timestamp":"2025-12-07T11:35:57.950Z"}
{"level":"info","message":"Recieved POST request for /api/auth/login","service":"identity-service","timestamp":"2025-12-07T12:34:43.630Z"}
{"level":"info","message":"request body is [object Object]","service":"identity-service","timestamp":"2025-12-07T12:34:43.631Z"}
{"level":"info","message":"Hit loginUser endpoint","service":"identity-service","timestamp":"2025-12-07T12:34:43.633Z"}
{"level":"info","message":"Identity Service running on port 3001","service":"identity-service","timestamp":"2025-12-07T15:31:26.729Z"}
{"level":"info","message":"Connected to MongoDB","service":"identity-service","timestamp":"2025-12-07T15:31:27.172Z"}
{"level":"info","message":"Identity Service running on port 3001","service":"identity-service","timestamp":"2025-12-19T12:39:17.121Z"}
{"level":"info","message":"Connected to MongoDB","service":"identity-service","timestamp":"2025-12-19T12:39:17.842Z"}
{"level":"info","message":"Recieved POST request for /api/auth/login","service":"identity-service","timestamp":"2025-12-19T12:41:30.637Z"}
{"level":"info","message":"request body is [object Object]","service":"identity-service","timestamp":"2025-12-19T12:41:30.637Z"}
{"level":"info","message":"Hit loginUser endpoint","service":"identity-service","timestamp":"2025-12-19T12:41:30.641Z"}
{"level":"info","message":"Identity Service running on port 3001","service":"identity-service","timestamp":"2025-12-26T20:23:05.767Z"}
{"level":"info","message":"Connected to MongoDB","service":"identity-service","timestamp":"2025-12-26T20:23:06.335Z"}
{"level":"info","message":"Recieved POST request for /api/auth/login","service":"identity-service","timestamp":"2025-12-26T20:23:39.101Z"}
{"level":"info","message":"request body is [object Object]","service":"identity-service","timestamp":"2025-12-26T20:23:39.101Z"}
{"level":"info","message":"Hit loginUser endpoint","service":"identity-service","timestamp":"2025-12-26T20:23:39.107Z"}
{"level":"info","message":"Recieved POST request for /api/auth/login","service":"identity-service","timestamp":"2025-12-26T20:30:06.331Z"}
{"level":"info","message":"request body is [object Object]","service":"identity-service","timestamp":"2025-12-26T20:30:06.331Z"}
{"level":"info","message":"Hit loginUser endpoint","service":"identity-service","timestamp":"2025-12-26T20:30:06.332Z"}
{"level":"info","message":"Recieved POST request for /api/auth/login","service":"identity-service","timestamp":"2025-12-26T20:35:00.723Z"}
{"level":"info","message":"request body is [object Object]","service":"identity-service","timestamp":"2025-12-26T20:35:00.723Z"}
{"level":"info","message":"Hit loginUser endpoint","service":"identity-service","timestamp":"2025-12-26T20:35:00.724Z"}
{"level":"info","message":"Identity Service running on port 3001","service":"identity-service","timestamp":"2025-12-26T20:36:45.812Z"}
{"level":"info","message":"Connected to MongoDB","service":"identity-service","timestamp":"2025-12-26T20:36:47.568Z"}
{"level":"info","message":"Recieved POST request for /api/auth/login","service":"identity-service","timestamp":"2025-12-26T20:37:29.670Z"}
{"level":"info","message":"request body is [object Object]","service":"identity-service","timestamp":"2025-12-26T20:37:29.671Z"}
{"level":"info","message":"Hit loginUser endpoint","service":"identity-service","timestamp":"2025-12-26T20:37:29.674Z"}
{"level":"info","message":"Recieved POST request for /api/auth/login","service":"identity-service","timestamp":"2025-12-26T20:41:28.328Z"}
{"level":"info","message":"request body is [object Object]","service":"identity-service","timestamp":"2025-12-26T20:41:28.328Z"}
{"level":"info","message":"Hit loginUser endpoint","service":"identity-service","timestamp":"2025-12-26T20:41:28.330Z"}
{"level":"info","message":"Recieved POST request for /api/auth/login","service":"identity-service","timestamp":"2025-12-26T20:47:20.304Z"}
{"level":"info","message":"request body is [object Object]","service":"identity-service","timestamp":"2025-12-26T20:47:20.304Z"}
{"level":"info","message":"Hit loginUser endpoint","service":"identity-service","timestamp":"2025-12-26T20:47:20.306Z"}
{"level":"info","message":"Recieved POST request for /api/auth/login","service":"identity-service","timestamp":"2025-12-26T20:51:07.132Z"}
{"level":"info","message":"request body is [object Object]","service":"identity-service","timestamp":"2025-12-26T20:51:07.132Z"}
{"level":"info","message":"Hit loginUser endpoint","service":"identity-service","timestamp":"2025-12-26T20:51:07.133Z"}
{"level":"info","message":"Recieved POST request for /api/auth/login","service":"identity-service","timestamp":"2025-12-26T20:53:01.503Z"}
{"level":"info","message":"request body is [object Object]","service":"identity-service","timestamp":"2025-12-26T20:53:01.504Z"}
{"level":"info","message":"Hit loginUser endpoint","service":"identity-service","timestamp":"2025-12-26T20:53:01.504Z"}
{"level":"info","message":"Identity Service running on port 3001","service":"identity-service","timestamp":"2026-01-22T07:26:59.081Z"}
{"level":"info","message":"Connected to MongoDB","service":"identity-service","timestamp":"2026-01-22T07:26:59.779Z"}
{"level":"info","message":"Recieved POST request for /api/auth/logout","service":"identity-service","timestamp":"2026-01-22T07:31:11.130Z"}
{"level":"info","message":"request body is [object Object]","service":"identity-service","timestamp":"2026-01-22T07:31:11.131Z"}
{"level":"info","message":"Hit logoutUser endpoint","service":"identity-service","timestamp":"2026-01-22T07:31:11.133Z"}
{"level":"warn","message":"Refresh token not provided in logout request","service":"identity-service","timestamp":"2026-01-22T07:31:11.133Z"}
{"level":"info","message":"Recieved POST request for /api/auth/logout","service":"identity-service","timestamp":"2026-01-22T07:31:14.633Z"}
{"level":"info","message":"request body is [object Object]","service":"identity-service","timestamp":"2026-01-22T07:31:14.633Z"}
{"level":"info","message":"Hit logoutUser endpoint","service":"identity-service","timestamp":"2026-01-22T07:31:14.634Z"}
{"level":"warn","message":"Refresh token not provided in logout request","service":"identity-service","timestamp":"2026-01-22T07:31:14.634Z"}
{"level":"info","message":"Recieved POST request for /api/auth/logout","service":"identity-service","timestamp":"2026-01-22T07:31:47.964Z"}
{"level":"info","message":"request body is [object Object]","service":"identity-service","timestamp":"2026-01-22T07:31:47.964Z"}
{"level":"info","message":"Hit logoutUser endpoint","service":"identity-service","timestamp":"2026-01-22T07:31:47.965Z"}
{"level":"warn","message":"Refresh token not provided in logout request","service":"identity-service","timestamp":"2026-01-22T07:31:47.965Z"}
{"level":"info","message":"Identity Service running on port 3001","service":"identity-service","timestamp":"2026-01-22T07:34:20.372Z"}
{"level":"info","message":"Connected to MongoDB","service":"identity-service","timestamp":"2026-01-22T07:34:25.457Z"}
{"level":"info","message":"Recieved POST request for /api/auth/logout","service":"identity-service","timestamp":"2026-01-22T07:34:50.156Z"}
{"level":"info","message":"request body is [object Object]","service":"identity-service","timestamp":"2026-01-22T07:34:50.156Z"}
{"level":"info","message":"Hit logoutUser endpoint","service":"identity-service","timestamp":"2026-01-22T07:34:50.157Z"}
{"level":"warn","message":"Refresh token not provided in logout request","service":"identity-service","timestamp":"2026-01-22T07:34:50.157Z"}
{"level":"info","message":"Recieved POST request for /api/auth/logout","service":"identity-service","timestamp":"2026-01-22T07:35:14.187Z"}
{"level":"info","message":"request body is [object Object]","service":"identity-service","timestamp":"2026-01-22T07:35:14.187Z"}
{"level":"info","message":"Hit logoutUser endpoint","service":"identity-service","timestamp":"2026-01-22T07:35:14.187Z"}
{"level":"warn","message":"Refresh token not provided in logout request","service":"identity-service","timestamp":"2026-01-22T07:35:14.188Z"}
{"level":"info","message":"Recieved POST request for /api/auth/logout","service":"identity-service","timestamp":"2026-01-22T07:35:15.051Z"}
{"level":"info","message":"request body is [object Object]","service":"identity-service","timestamp":"2026-01-22T07:35:15.051Z"}
{"level":"info","message":"Hit logoutUser endpoint","service":"identity-service","timestamp":"2026-01-22T07:35:15.052Z"}
{"level":"warn","message":"Refresh token not provided in logout request","service":"identity-service","timestamp":"2026-01-22T07:35:15.052Z"}
{"level":"info","message":"Recieved POST request for /api/auth/logout","service":"identity-service","timestamp":"2026-01-22T07:35:15.402Z"}
{"level":"info","message":"request body is [object Object]","service":"identity-service","timestamp":"2026-01-22T07:35:15.402Z"}
{"level":"info","message":"Hit logoutUser endpoint","service":"identity-service","timestamp":"2026-01-22T07:35:15.403Z"}
{"level":"warn","message":"Refresh token not provided in logout request","service":"identity-service","timestamp":"2026-01-22T07:35:15.403Z"}
{"level":"info","message":"Recieved POST request for /api/auth/logout","service":"identity-service","timestamp":"2026-01-22T07:35:16.267Z"}
{"level":"info","message":"request body is [object Object]","service":"identity-service","timestamp":"2026-01-22T07:35:16.267Z"}
{"level":"info","message":"Hit logoutUser endpoint","service":"identity-service","timestamp":"2026-01-22T07:35:16.268Z"}
{"level":"warn","message":"Refresh token not provided in logout request","service":"identity-service","timestamp":"2026-01-22T07:35:16.268Z"}
{"level":"info","message":"Recieved POST request for /api/auth/logout","service":"identity-service","timestamp":"2026-01-22T07:35:19.661Z"}
{"level":"info","message":"request body is [object Object]","service":"identity-service","timestamp":"2026-01-22T07:35:19.661Z"}
{"level":"info","message":"Hit logoutUser endpoint","service":"identity-service","timestamp":"2026-01-22T07:35:19.662Z"}
{"level":"warn","message":"Refresh token not provided in logout request","service":"identity-service","timestamp":"2026-01-22T07:35:19.662Z"}
{"level":"info","message":"Recieved POST request for /api/auth/logout","service":"identity-service","timestamp":"2026-01-22T07:35:19.835Z"}
{"level":"info","message":"request body is [object Object]","service":"identity-service","timestamp":"2026-01-22T07:35:19.836Z"}
{"level":"info","message":"Hit logoutUser endpoint","service":"identity-service","timestamp":"2026-01-22T07:35:19.836Z"}
{"level":"warn","message":"Refresh token not provided in logout request","service":"identity-service","timestamp":"2026-01-22T07:35:19.836Z"}
{"level":"info","message":"Recieved POST request for /api/auth/logout","service":"identity-service","timestamp":"2026-01-22T07:35:20.001Z"}
{"level":"info","message":"request body is [object Object]","service":"identity-service","timestamp":"2026-01-22T07:35:20.001Z"}
{"level":"info","message":"Hit logoutUser endpoint","service":"identity-service","timestamp":"2026-01-22T07:35:20.001Z"}
{"level":"warn","message":"Refresh token not provided in logout request","service":"identity-service","timestamp":"2026-01-22T07:35:20.001Z"}
{"level":"info","message":"Recieved POST request for /api/auth/logout","service":"identity-service","timestamp":"2026-01-22T07:37:46.583Z"}
{"level":"info","message":"request body is [object Object]","service":"identity-service","timestamp":"2026-01-22T07:37:46.583Z"}
{"level":"info","message":"Hit logoutUser endpoint","service":"identity-service","timestamp":"2026-01-22T07:37:46.584Z"}
{"level":"warn","message":"Refresh token not provided in logout request","service":"identity-service","timestamp":"2026-01-22T07:37:46.584Z"}
{"level":"info","message":"Recieved POST request for /api/auth/logout","service":"identity-service","timestamp":"2026-01-22T07:37:46.741Z"}
{"level":"info","message":"request body is [object Object]","service":"identity-service","timestamp":"2026-01-22T07:37:46.741Z"}
{"level":"info","message":"Hit logoutUser endpoint","service":"identity-service","timestamp":"2026-01-22T07:37:46.742Z"}
{"level":"warn","message":"Refresh token not provided in logout request","service":"identity-service","timestamp":"2026-01-22T07:37:46.742Z"}
{"level":"info","message":"Recieved POST request for /api/auth/logout","service":"identity-service","timestamp":"2026-01-22T07:37:46.906Z"}
{"level":"info","message":"request body is [object Object]","service":"identity-service","timestamp":"2026-01-22T07:37:46.906Z"}
{"level":"info","message":"Hit logoutUser endpoint","service":"identity-service","timestamp":"2026-01-22T07:37:46.907Z"}
{"level":"warn","message":"Refresh token not provided in logout request","service":"identity-service","timestamp":"2026-01-22T07:37:46.907Z"}
{"level":"info","message":"Recieved POST request for /api/auth/logout","service":"identity-service","timestamp":"2026-01-22T07:37:47.048Z"}
{"level":"info","message":"request body is [object Object]","service":"identity-service","timestamp":"2026-01-22T07:37:47.049Z"}
{"level":"info","message":"Hit logoutUser endpoint","service":"identity-service","timestamp":"2026-01-22T07:37:47.049Z"}
{"level":"warn","message":"Refresh token not provided in logout request","service":"identity-service","timestamp":"2026-01-22T07:37:47.050Z"}
{"level":"info","message":"Recieved POST request for /api/auth/logout","service":"identity-service","timestamp":"2026-01-22T07:37:47.406Z"}
{"level":"info","message":"request body is [object Object]","service":"identity-service","timestamp":"2026-01-22T07:37:47.406Z"}
{"level":"info","message":"Hit logoutUser endpoint","service":"identity-service","timestamp":"2026-01-22T07:37:47.407Z"}
{"level":"warn","message":"Refresh token not provided in logout request","service":"identity-service","timestamp":"2026-01-22T07:37:47.407Z"}
{"level":"info","message":"Recieved POST request for /api/auth/logout","service":"identity-service","timestamp":"2026-01-22T07:37:47.538Z"}
{"level":"info","message":"request body is [object Object]","service":"identity-service","timestamp":"2026-01-22T07:37:47.538Z"}
{"level":"info","message":"Hit logoutUser endpoint","service":"identity-service","timestamp":"2026-01-22T07:37:47.539Z"}
{"level":"warn","message":"Refresh token not provided in logout request","service":"identity-service","timestamp":"2026-01-22T07:37:47.539Z"}
{"level":"info","message":"Recieved POST request for /api/auth/logout","service":"identity-service","timestamp":"2026-01-22T07:37:47.705Z"}
{"level":"info","message":"request body is [object Object]","service":"identity-service","timestamp":"2026-01-22T07:37:47.705Z"}
{"level":"info","message":"Hit logoutUser endpoint","service":"identity-service","timestamp":"2026-01-22T07:37:47.705Z"}
{"level":"warn","message":"Refresh token not provided in logout request","service":"identity-service","timestamp":"2026-01-22T07:37:47.705Z"}
{"level":"info","message":"Identity Service running on port 3001","service":"identity-service","timestamp":"2026-01-22T07:50:05.488Z"}
{"level":"info","message":"Connected to MongoDB","service":"identity-service","timestamp":"2026-01-22T07:50:05.971Z"}
{"level":"info","message":"Recieved POST request for /api/auth/register","service":"identity-service","timestamp":"2026-01-22T07:52:16.057Z"}
{"level":"info","message":"request body is [object Object]","service":"identity-service","timestamp":"2026-01-22T07:52:16.058Z"}
{"level":"info","message":"Hit registerUser endpoint","service":"identity-service","timestamp":"2026-01-22T07:52:16.061Z"}
{"level":"warn","message":"Validation failed during user registration: \"password\" length must be at least 8 characters long","service":"identity-service","timestamp":"2026-01-22T07:52:16.064Z"}
{"level":"info","message":"Recieved POST request for /api/auth/register","service":"identity-service","timestamp":"2026-01-22T07:52:42.596Z"}
{"level":"info","message":"request body is [object Object]","service":"identity-service","timestamp":"2026-01-22T07:52:42.596Z"}
{"level":"info","message":"Hit registerUser endpoint","service":"identity-service","timestamp":"2026-01-22T07:52:42.596Z"}
{"level":"warn","message":"New user registered: 6971d74adfc469fff7334ac3","service":"identity-service","timestamp":"2026-01-22T07:52:42.721Z"}
{"level":"info","message":"Recieved POST request for /api/auth/register","service":"identity-service","timestamp":"2026-01-22T07:54:05.353Z"}
{"level":"info","message":"request body is [object Object]","service":"identity-service","timestamp":"2026-01-22T07:54:05.353Z"}
{"level":"info","message":"Hit registerUser endpoint","service":"identity-service","timestamp":"2026-01-22T07:54:05.355Z"}
{"level":"warn","message":"Validation failed during user registration: \"password\" length must be at least 8 characters long","service":"identity-service","timestamp":"2026-01-22T07:54:05.356Z"}
{"level":"info","message":"Recieved POST request for /api/auth/register","service":"identity-service","timestamp":"2026-01-22T07:54:47.746Z"}
{"level":"info","message":"request body is [object Object]","service":"identity-service","timestamp":"2026-01-22T07:54:47.746Z"}
{"level":"info","message":"Hit registerUser endpoint","service":"identity-service","timestamp":"2026-01-22T07:54:47.747Z"}
{"level":"warn","message":"Validation failed during user registration: \"password\" length must be at least 8 characters long","service":"identity-service","timestamp":"2026-01-22T07:54:47.747Z"}
{"level":"info","message":"Recieved POST request for /api/auth/register","service":"identity-service","timestamp":"2026-01-22T07:55:53.122Z"}
{"level":"info","message":"request body is [object Object]","service":"identity-service","timestamp":"2026-01-22T07:55:53.122Z"}
{"level":"info","message":"Hit registerUser endpoint","service":"identity-service","timestamp":"2026-01-22T07:55:53.123Z"}
{"level":"warn","message":"Registration attempt with existing email or username: aarohb.1507@gmail.com, aarohb1507","service":"identity-service","timestamp":"2026-01-22T07:55:53.181Z"}
{"level":"info","message":"Recieved POST request for /api/auth/register","service":"identity-service","timestamp":"2026-01-22T07:56:30.315Z"}
{"level":"info","message":"request body is [object Object]","service":"identity-service","timestamp":"2026-01-22T07:56:30.315Z"}
{"level":"info","message":"Hit registerUser endpoint","service":"identity-service","timestamp":"2026-01-22T07:56:30.315Z"}
{"level":"warn","message":"New user registered: 6971d82edfc469fff7334ac9","service":"identity-service","timestamp":"2026-01-22T07:56:30.458Z"}
{"level":"info","message":"Recieved POST request for /api/auth/register","service":"identity-service","timestamp":"2026-01-22T07:56:35.522Z"}
{"level":"info","message":"request body is [object Object]","service":"identity-service","timestamp":"2026-01-22T07:56:35.522Z"}
{"level":"info","message":"Hit registerUser endpoint","service":"identity-service","timestamp":"2026-01-22T07:56:35.522Z"}
{"level":"warn","message":"New user registered: 6971d833dfc469fff7334ace","service":"identity-service","timestamp":"2026-01-22T07:56:35.658Z"}
{"level":"info","message":"Recieved POST request for /api/auth/register","service":"identity-service","timestamp":"2026-01-22T07:57:19.037Z"}
{"level":"info","message":"request body is [object Object]","service":"identity-service","timestamp":"2026-01-22T07:57:19.037Z"}
{"level":"info","message":"Hit registerUser endpoint","service":"identity-service","timestamp":"2026-01-22T07:57:19.040Z"}
{"level":"warn","message":"New user registered: 6971d85fdfc469fff7334ad3","service":"identity-service","timestamp":"2026-01-22T07:57:19.162Z"}
{"level":"info","message":"Recieved POST request for /api/auth/logout","service":"identity-service","timestamp":"2026-01-22T07:57:32.038Z"}
{"level":"info","message":"request body is [object Object]","service":"identity-service","timestamp":"2026-01-22T07:57:32.038Z"}
{"level":"info","message":"Hit logoutUser endpoint","service":"identity-service","timestamp":"2026-01-22T07:57:32.039Z"}
{"level":"error","message":"Error during logging out: Cannot read properties of undefined (reading 'deleteOne')","service":"identity-service","timestamp":"2026-01-22T07:57:32.039Z"}
{"level":"info","message":"Recieved POST request for /api/auth/logout","service":"identity-service","timestamp":"2026-01-22T07:57:34.846Z"}
{"level":"info","message":"request body is [object Object]","service":"identity-service","timestamp":"2026-01-22T07:57:34.846Z"}
{"level":"info","message":"Hit logoutUser endpoint","service":"identity-service","timestamp":"2026-01-22T07:57:34.847Z"}
{"level":"error","message":"Error during logging out: Cannot read properties of undefined (reading 'deleteOne')","service":"identity-service","timestamp":"2026-01-22T07:57:34.847Z"}
{"level":"info","message":"Recieved POST request for /api/auth/logout","service":"identity-service","timestamp":"2026-01-22T07:57:35.662Z"}
{"level":"info","message":"request body is [object Object]","service":"identity-service","timestamp":"2026-01-22T07:57:35.662Z"}
{"level":"info","message":"Hit logoutUser endpoint","service":"identity-service","timestamp":"2026-01-22T07:57:35.663Z"}
{"level":"error","message":"Error during logging out: Cannot read properties of undefined (reading 'deleteOne')","service":"identity-service","timestamp":"2026-01-22T07:57:35.663Z"}
{"level":"info","message":"Recieved POST request for /api/auth/logout","service":"identity-service","timestamp":"2026-01-22T07:57:36.206Z"}
{"level":"info","message":"request body is [object Object]","service":"identity-service","timestamp":"2026-01-22T07:57:36.206Z"}
{"level":"info","message":"Hit logoutUser endpoint","service":"identity-service","timestamp":"2026-01-22T07:57:36.207Z"}
{"level":"error","message":"Error during logging out: Cannot read properties of undefined (reading 'deleteOne')","service":"identity-service","timestamp":"2026-01-22T07:57:36.207Z"}
{"level":"info","message":"Recieved POST request for /api/auth/logout","service":"identity-service","timestamp":"2026-01-22T07:57:39.223Z"}
{"level":"info","message":"request body is [object Object]","service":"identity-service","timestamp":"2026-01-22T07:57:39.223Z"}
{"level":"info","message":"Hit logoutUser endpoint","service":"identity-service","timestamp":"2026-01-22T07:57:39.224Z"}
{"level":"error","message":"Error during logging out: Cannot read properties of undefined (reading 'deleteOne')","service":"identity-service","timestamp":"2026-01-22T07:57:39.224Z"}
{"level":"info","message":"Recieved POST request for /api/auth/logout","service":"identity-service","timestamp":"2026-01-22T07:57:41.298Z"}
{"level":"info","message":"request body is [object Object]","service":"identity-service","timestamp":"2026-01-22T07:57:41.298Z"}
{"level":"info","message":"Hit logoutUser endpoint","service":"identity-service","timestamp":"2026-01-22T07:57:41.298Z"}
{"level":"error","message":"Error during logging out: Cannot read properties of undefined (reading 'deleteOne')","service":"identity-service","timestamp":"2026-01-22T07:57:41.299Z"}
{"level":"info","message":"Recieved POST request for /api/auth/logout","service":"identity-service","timestamp":"2026-01-22T07:57:41.890Z"}
{"level":"info","message":"request body is [object Object]","service":"identity-service","timestamp":"2026-01-22T07:57:41.890Z"}
{"level":"info","message":"Hit logoutUser endpoint","service":"identity-service","timestamp":"2026-01-22T07:57:41.890Z"}
{"level":"error","message":"Error during logging out: Cannot read properties of undefined (reading 'deleteOne')","service":"identity-service","timestamp":"2026-01-22T07:57:41.891Z"}
{"level":"info","message":"Recieved POST request for /api/auth/logout","service":"identity-service","timestamp":"2026-01-22T07:57:42.508Z"}
{"level":"info","message":"request body is [object Object]","service":"identity-service","timestamp":"2026-01-22T07:57:42.508Z"}
{"level":"info","message":"Hit logoutUser endpoint","service":"identity-service","timestamp":"2026-01-22T07:57:42.512Z"}
{"level":"error","message":"Error during logging out: Cannot read properties of undefined (reading 'deleteOne')","service":"identity-service","timestamp":"2026-01-22T07:57:42.512Z"}
{"level":"info","message":"Recieved POST request for /api/auth/logout","service":"identity-service","timestamp":"2026-01-22T07:57:42.655Z"}
{"level":"info","message":"request body is [object Object]","service":"identity-service","timestamp":"2026-01-22T07:57:42.655Z"}
{"level":"info","message":"Hit logoutUser endpoint","service":"identity-service","timestamp":"2026-01-22T07:57:42.656Z"}
{"level":"error","message":"Error during logging out: Cannot read properties of undefined (reading 'deleteOne')","service":"identity-service","timestamp":"2026-01-22T07:57:42.657Z"}
{"level":"info","message":"Recieved POST request for /api/auth/logout","service":"identity-service","timestamp":"2026-01-22T07:58:47.999Z"}
{"level":"info","message":"request body is [object Object]","service":"identity-service","timestamp":"2026-01-22T07:58:47.999Z"}
{"level":"info","message":"Hit logoutUser endpoint","service":"identity-service","timestamp":"2026-01-22T07:58:47.999Z"}
{"level":"error","message":"Error during logging out: Cannot read properties of undefined (reading 'deleteOne')","service":"identity-service","timestamp":"2026-01-22T07:58:47.999Z"}
{"level":"info","message":"Recieved POST request for /api/auth/logout","service":"identity-service","timestamp":"2026-01-22T07:59:01.719Z"}
{"level":"info","message":"request body is [object Object]","service":"identity-service","timestamp":"2026-01-22T07:59:01.720Z"}
{"level":"info","message":"Hit logoutUser endpoint","service":"identity-service","timestamp":"2026-01-22T07:59:01.720Z"}
{"level":"warn","message":"Refresh token not provided in logout request","service":"identity-service","timestamp":"2026-01-22T07:59:01.720Z"}
{"level":"info","message":"Recieved POST request for /api/auth/logout","service":"identity-service","timestamp":"2026-01-22T08:00:26.113Z"}
{"level":"info","message":"request body is [object Object]","service":"identity-service","timestamp":"2026-01-22T08:00:26.113Z"}
{"level":"info","message":"Hit logoutUser endpoint","service":"identity-service","timestamp":"2026-01-22T08:00:26.114Z"}
{"level":"error","message":"Error during logging out: Cannot read properties of undefined (reading 'deleteOne')","service":"identity-service","timestamp":"2026-01-22T08:00:26.114Z"}
{"level":"info","message":"Recieved POST request for /api/auth/login","service":"identity-service","timestamp":"2026-01-22T08:00:37.848Z"}
{"level":"info","message":"request body is [object Object]","service":"identity-service","timestamp":"2026-01-22T08:00:37.849Z"}
{"level":"warn","message":"IP ::1 exceeded rate limit on sensitive endpoint","service":"identity-service","timestamp":"2026-01-22T08:00:37.849Z"}
{"level":"info","message":"Recieved POST request for /api/auth/login","service":"identity-service","timestamp":"2026-01-22T08:00:45.507Z"}
{"level":"info","message":"request body is [object Object]","service":"identity-service","timestamp":"2026-01-22T08:00:45.507Z"}
{"level":"warn","message":"IP ::1 exceeded rate limit on sensitive endpoint","service":"identity-service","timestamp":"2026-01-22T08:00:45.508Z"}
{"level":"info","message":"Recieved POST request for /api/auth/login","service":"identity-service","timestamp":"2026-01-22T08:00:46.533Z"}
{"level":"info","message":"request body is [object Object]","service":"identity-service","timestamp":"2026-01-22T08:00:46.533Z"}
{"level":"warn","message":"IP ::1 exceeded rate limit on sensitive endpoint","service":"identity-service","timestamp":"2026-01-22T08:00:46.533Z"}
{"level":"info","message":"Identity Service running on port 3001","service":"identity-service","timestamp":"2026-01-22T08:02:48.942Z"}
{"level":"info","message":"Connected to MongoDB","service":"identity-service","timestamp":"2026-01-22T08:02:49.449Z"}
{"level":"info","message":"Recieved POST request for /api/auth/login","service":"identity-service","timestamp":"2026-01-22T08:04:03.493Z"}
{"level":"info","message":"request body is [object Object]","service":"identity-service","timestamp":"2026-01-22T08:04:03.493Z"}
{"level":"info","message":"Hit loginUser endpoint","service":"identity-service","timestamp":"2026-01-22T08:04:03.497Z"}
{"level":"info","message":"Identity Service running on port 3001","service":"identity-service","timestamp":"2026-01-22T08:05:40.212Z"}
{"level":"info","message":"Connected to MongoDB","service":"identity-service","timestamp":"2026-01-22T08:05:41.550Z"}
{"level":"info","message":"Recieved POST request for /api/auth/login","service":"identity-service","timestamp":"2026-01-22T08:09:00.291Z"}
{"level":"info","message":"request body is [object Object]","service":"identity-service","timestamp":"2026-01-22T08:09:00.291Z"}
{"level":"info","message":"Hit loginUser endpoint","service":"identity-service","timestamp":"2026-01-22T08:09:00.292Z"}
{"level":"info","message":"Recieved POST request for /api/auth/login","service":"identity-service","timestamp":"2026-01-22T08:10:07.693Z"}
{"level":"info","message":"request body is [object Object]","service":"identity-service","timestamp":"2026-01-22T08:10:07.694Z"}
{"level":"info","message":"Hit loginUser endpoint","service":"identity-service","timestamp":"2026-01-22T08:10:07.695Z"}
{"level":"info","message":"Recieved POST request for /api/auth/login","service":"identity-service","timestamp":"2026-01-22T08:10:15.106Z"}
{"level":"info","message":"request body is [object Object]","service":"identity-service","timestamp":"2026-01-22T08:10:15.107Z"}
{"level":"info","message":"Hit loginUser endpoint","service":"identity-service","timestamp":"2026-01-22T08:10:15.108Z"}
{"level":"info","message":"Recieved POST request for /api/auth/login","service":"identity-service","timestamp":"2026-01-22T08:10:26.080Z"}
{"level":"info","message":"request body is [object Object]","service":"identity-service","timestamp":"2026-01-22T08:10:26.080Z"}
{"level":"info","message":"Hit loginUser endpoint","service":"identity-service","timestamp":"2026-01-22T08:10:26.081Z"}
{"level":"info","message":"Recieved POST request for /api/auth/login","service":"identity-service","timestamp":"2026-01-22T08:10:29.085Z"}
{"level":"info","message":"request body is [object Object]","service":"identity-service","timestamp":"2026-01-22T08:10:29.086Z"}
{"level":"info","message":"Hit loginUser endpoint","service":"identity-service","timestamp":"2026-01-22T08:10:29.086Z"}
{"level":"info","message":"Recieved POST request for /api/auth/login","service":"identity-service","timestamp":"2026-01-22T08:10:32.588Z"}
{"level":"info","message":"request body is [object Object]","service":"identity-service","timestamp":"2026-01-22T08:10:32.588Z"}
{"level":"info","message":"Hit loginUser endpoint","service":"identity-service","timestamp":"2026-01-22T08:10:32.588Z"}
{"level":"info","message":"Recieved POST request for /api/auth/register","service":"identity-service","timestamp":"2026-01-22T08:11:25.405Z"}
{"level":"info","message":"request body is [object Object]","service":"identity-service","timestamp":"2026-01-22T08:11:25.405Z"}
{"level":"info","message":"Hit registerUser endpoint","service":"identity-service","timestamp":"2026-01-22T08:11:25.409Z"}
{"level":"warn","message":"New user registered: 6971dbada551b401d0d78072","service":"identity-service","timestamp":"2026-01-22T08:11:25.519Z"}
{"level":"info","message":"Recieved POST request for /api/auth/login","service":"identity-service","timestamp":"2026-01-22T08:11:39.666Z"}
{"level":"info","message":"request body is [object Object]","service":"identity-service","timestamp":"2026-01-22T08:11:39.667Z"}
{"level":"info","message":"Hit loginUser endpoint","service":"identity-service","timestamp":"2026-01-22T08:11:39.667Z"}
{"level":"info","message":"Recieved POST request for /api/auth/login","service":"identity-service","timestamp":"2026-01-22T08:11:45.767Z"}
{"level":"info","message":"request body is [object Object]","service":"identity-service","timestamp":"2026-01-22T08:11:45.767Z"}
{"level":"info","message":"Hit loginUser endpoint","service":"identity-service","timestamp":"2026-01-22T08:11:45.768Z"}
{"level":"info","message":"Recieved POST request for /api/auth/register","service":"identity-service","timestamp":"2026-01-22T08:12:23.151Z"}
{"level":"info","message":"request body is [object Object]","service":"identity-service","timestamp":"2026-01-22T08:12:23.152Z"}
{"level":"info","message":"Hit registerUser endpoint","service":"identity-service","timestamp":"2026-01-22T08:12:23.152Z"}
{"level":"warn","message":"New user registered: 6971dbe7a551b401d0d7807d","service":"identity-service","timestamp":"2026-01-22T08:12:23.285Z"}
{"level":"info","message":"Recieved POST request for /api/auth/login","service":"identity-service","timestamp":"2026-01-22T08:12:32.445Z"}
{"level":"info","message":"request body is [object Object]","service":"identity-service","timestamp":"2026-01-22T08:12:32.446Z"}
{"level":"info","message":"Hit loginUser endpoint","service":"identity-service","timestamp":"2026-01-22T08:12:32.446Z"}
{"level":"info","message":"Recieved POST request for /api/auth/login","service":"identity-service","timestamp":"2026-01-22T08:12:36.004Z"}
{"level":"info","message":"request body is [object Object]","service":"identity-service","timestamp":"2026-01-22T08:12:36.004Z"}
{"level":"info","message":"Hit loginUser endpoint","service":"identity-service","timestamp":"2026-01-22T08:12:36.005Z"}
{"level":"info","message":"Recieved POST request for /api/auth/login","service":"identity-service","timestamp":"2026-01-22T08:12:36.662Z"}
{"level":"info","message":"request body is [object Object]","service":"identity-service","timestamp":"2026-01-22T08:12:36.662Z"}
{"level":"info","message":"Hit loginUser endpoint","service":"identity-service","timestamp":"2026-01-22T08:12:36.663Z"}
{"level":"info","message":"Recieved POST request for /api/auth/login","service":"identity-service","timestamp":"2026-01-22T08:17:26.870Z"}
{"level":"info","message":"request body is [object Object]","service":"identity-service","timestamp":"2026-01-22T08:17:26.870Z"}
{"level":"info","message":"Hit loginUser endpoint","service":"identity-service","timestamp":"2026-01-22T08:17:26.871Z"}
{"level":"info","message":"Recieved POST request for /api/auth/login","service":"identity-service","timestamp":"2026-01-22T08:17:30.645Z"}
{"level":"info","message":"request body is [object Object]","service":"identity-service","timestamp":"2026-01-22T08:17:30.645Z"}
{"level":"info","message":"Hit loginUser endpoint","service":"identity-service","timestamp":"2026-01-22T08:17:30.646Z"}
{"level":"info","message":"Recieved POST request for /api/auth/login","service":"identity-service","timestamp":"2026-01-22T12:56:04.855Z"}
{"level":"info","message":"request body is [object Object]","service":"identity-service","timestamp":"2026-01-22T12:56:04.855Z"}
{"level":"info","message":"Hit loginUser endpoint","service":"identity-service","timestamp":"2026-01-22T12:56:04.858Z"}
{"level":"info","message":"Recieved POST request for /api/auth/login","service":"identity-service","timestamp":"2026-01-22T12:57:07.978Z"}
{"level":"info","message":"request body is [object Object]","service":"identity-service","timestamp":"2026-01-22T12:57:07.978Z"}
{"level":"info","message":"Hit loginUser endpoint","service":"identity-service","timestamp":"2026-01-22T12:57:07.978Z"}
{"level":"info","message":"Recieved POST request for /api/auth/login","service":"identity-service","timestamp":"2026-01-22T12:59:15.661Z"}
{"level":"info","message":"request body is [object Object]","service":"identity-service","timestamp":"2026-01-22T12:59:15.661Z"}
{"level":"info","message":"Hit loginUser endpoint","service":"identity-service","timestamp":"2026-01-22T12:59:15.662Z"}
{"level":"info","message":"Recieved POST request for /api/auth/login","service":"identity-service","timestamp":"2026-01-22T13:01:04.827Z"}
{"level":"info","message":"request body is [object Object]","service":"identity-service","timestamp":"2026-01-22T13:01:04.827Z"}
{"level":"info","message":"Hit loginUser endpoint","service":"identity-service","timestamp":"2026-01-22T13:01:04.828Z"}
{"level":"info","message":"Recieved POST request for /api/auth/login","service":"identity-service","timestamp":"2026-01-22T13:02:37.205Z"}
{"level":"info","message":"request body is [object Object]","service":"identity-service","timestamp":"2026-01-22T13:02:37.205Z"}
{"level":"info","message":"Hit loginUser endpoint","service":"identity-service","timestamp":"2026-01-22T13:02:37.206Z"}
{"level":"info","message":"Recieved POST request for /api/auth/login","service":"identity-service","timestamp":"2026-01-22T13:03:07.018Z"}
{"level":"info","message":"request body is [object Object]","service":"identity-service","timestamp":"2026-01-22T13:03:07.018Z"}
{"level":"info","message":"Hit loginUser endpoint","service":"identity-service","timestamp":"2026-01-22T13:03:07.019Z"}
{"level":"info","message":"Recieved POST request for /api/auth/login","service":"identity-service","timestamp":"2026-01-22T13:03:10.051Z"}
{"level":"info","message":"request body is [object Object]","service":"identity-service","timestamp":"2026-01-22T13:03:10.051Z"}
{"level":"info","message":"Hit loginUser endpoint","service":"identity-service","timestamp":"2026-01-22T13:03:10.051Z"}
{"level":"info","message":"Recieved POST request for /api/auth/login","service":"identity-service","timestamp":"2026-01-22T13:03:24.541Z"}
{"level":"info","message":"request body is [object Object]","service":"identity-service","timestamp":"2026-01-22T13:03:24.541Z"}
{"level":"info","message":"Hit loginUser endpoint","service":"identity-service","timestamp":"2026-01-22T13:03:24.541Z"}
{"level":"info","message":"Recieved POST request for /api/auth/login","service":"identity-service","timestamp":"2026-01-22T13:05:34.924Z"}
{"level":"info","message":"request body is [object Object]","service":"identity-service","timestamp":"2026-01-22T13:05:34.924Z"}
{"level":"info","message":"Hit loginUser endpoint","service":"identity-service","timestamp":"2026-01-22T13:05:34.925Z"}
{"level":"info","message":"Recieved POST request for /api/auth/refresh-token","service":"identity-service","timestamp":"2026-01-22T13:07:20.601Z"}
{"level":"info","message":"request body is [object Object]","service":"identity-service","timestamp":"2026-01-22T13:07:20.601Z"}
{"level":"info","message":"Hit refreshTokenUser endpoint","service":"identity-service","timestamp":"2026-01-22T13:07:20.602Z"}
{"level":"error","message":"Error during refresh token processing: Cannot read properties of undefined (reading 'findOne')","service":"identity-service","timestamp":"2026-01-22T13:07:20.602Z"}
{"level":"info","message":"Recieved POST request for /api/auth/refresh-token","service":"identity-service","timestamp":"2026-01-22T13:07:58.962Z"}
{"level":"info","message":"request body is [object Object]","service":"identity-service","timestamp":"2026-01-22T13:07:58.962Z"}
{"level":"info","message":"Hit refreshTokenUser endpoint","service":"identity-service","timestamp":"2026-01-22T13:07:58.962Z"}
{"level":"error","message":"Error during refresh token processing: Cannot read properties of undefined (reading 'findOne')","service":"identity-service","timestamp":"2026-01-22T13:07:58.962Z"}
{"level":"info","message":"Recieved POST request for /api/auth/refresh-token","service":"identity-service","timestamp":"2026-01-22T13:08:20.626Z"}
{"level":"info","message":"request body is [object Object]","service":"identity-service","timestamp":"2026-01-22T13:08:20.626Z"}
{"level":"info","message":"Hit refreshTokenUser endpoint","service":"identity-service","timestamp":"2026-01-22T13:08:20.626Z"}
{"level":"error","message":"Error during refresh token processing: Cannot read properties of undefined (reading 'findOne')","service":"identity-service","timestamp":"2026-01-22T13:08:20.627Z"}
{"level":"info","message":"Recieved POST request for /api/auth/login","service":"identity-service","timestamp":"2026-01-22T13:13:02.523Z"}
{"level":"info","message":"request body is [object Object]","service":"identity-service","timestamp":"2026-01-22T13:13:02.523Z"}
{"level":"info","message":"Hit loginUser endpoint","service":"identity-service","timestamp":"2026-01-22T13:13:02.524Z"}
